=== STDOUT ===
........................................................................ [ 79%]
...................                                                      [100%]
============================== warnings summary ===============================
database.py:99
  C:\Users\nikita79882\Desktop\vk planer code\12.02.2026\backend_python\tests\team\..\..\database.py:99: MovedIn20Warning: The ``declarative_base()`` function is now available as sqlalchemy.orm.declarative_base(). (deprecated since: 2.0) (Background on SQLAlchemy 2.0 at: https://sqlalche.me/e/b8d9)
    Base = declarative_base()

..\..\..\..\..\..\python\Lib\site-packages\pydantic\_internal\_config.py:323
..\..\..\..\..\..\python\Lib\site-packages\pydantic\_internal\_config.py:323
..\..\..\..\..\..\python\Lib\site-packages\pydantic\_internal\_config.py:323
..\..\..\..\..\..\python\Lib\site-packages\pydantic\_internal\_config.py:323
..\..\..\..\..\..\python\Lib\site-packages\pydantic\_internal\_config.py:323
..\..\..\..\..\..\python\Lib\site-packages\pydantic\_internal\_config.py:323
  C:\python\Lib\site-packages\pydantic\_internal\_config.py:323: PydanticDeprecatedSince20: Support for class-based `config` is deprecated, use ConfigDict instead. Deprecated in Pydantic V2.0 to be removed in V3.0. See Pydantic V2 Migration Guide at https://errors.pydantic.dev/2.11/migration/
    warnings.warn(DEPRECATION_MESSAGE, DeprecationWarning)

main.py:271
  C:\Users\nikita79882\Desktop\vk planer code\12.02.2026\backend_python\tests\team\..\..\main.py:271: DeprecationWarning: 
          on_event is deprecated, use lifespan event handlers instead.
  
          Read more about it in the
          [FastAPI docs for Lifespan Events](https://fastapi.tiangolo.com/advanced/events/).
          
    @app.on_event("startup")

..\..\..\..\..\..\python\Lib\site-packages\fastapi\applications.py:4495
..\..\..\..\..\..\python\Lib\site-packages\fastapi\applications.py:4495
  C:\python\Lib\site-packages\fastapi\applications.py:4495: DeprecationWarning: 
          on_event is deprecated, use lifespan event handlers instead.
  
          Read more about it in the
          [FastAPI docs for Lifespan Events](https://fastapi.tiangolo.com/advanced/events/).
          
    return self.router.on_event(event_type)

main.py:384
  C:\Users\nikita79882\Desktop\vk planer code\12.02.2026\backend_python\tests\team\..\..\main.py:384: DeprecationWarning: 
          on_event is deprecated, use lifespan event handlers instead.
  
          Read more about it in the
          [FastAPI docs for Lifespan Events](https://fastapi.tiangolo.com/advanced/events/).
          
    @app.on_event("shutdown")

models_library\team.py:76
  C:\Users\nikita79882\Desktop\vk planer code\12.02.2026\backend_python\models_library\team.py:76: PytestCollectionWarning: cannot collect test class 'TestCategory' because it has a __init__ constructor (from: tests/team/test_team_integration.py)
    class TestCategory(Base):

models_library\team.py:142
  C:\Users\nikita79882\Desktop\vk planer code\12.02.2026\backend_python\models_library\team.py:142: PytestCollectionWarning: cannot collect test class 'Test' because it has a __init__ constructor (from: tests/team/test_team_integration.py)
    class Test(Base):

-- Docs: https://docs.pytest.org/en/stable/how-to/capture-warnings.html
91 passed, 13 warnings in 290.89s (0:04:50)

=== STDERR ===
EMPTY
=== RETURNCODE: 0 ===
